17:06:43 **** Incremental Build of configuration Debug for project 7segg ****
make all 
'Building file: ../src/main.c'
'Invoking: MCU GCC Compiler'
C:\Users\USER\workspace\7segg\Debug
arm-none-eabi-gcc -mcpu=cortex-m4 -mthumb -mfloat-abi=hard -mfpu=fpv4-sp-d16 -DSTM32L4 -DSTM32L476RGTx -DNUCLEO_L476RG -DSTM32 -DDEBUG -I"C:/Users/USER/workspace/7segg/inc" -O0 -g3 -Wall -fmessage-length=0 -ffunction-sections -c -MMD -MP -MF"src/main.d" -MT"src/main.o" -o "src/main.o" "../src/main.c"
'Finished building: ../src/main.c'
' '
'Building target: 7segg.elf'
'Invoking: MCU GCC Linker'
arm-none-eabi-gcc -mcpu=cortex-m4 -mthumb -mfloat-abi=hard -mfpu=fpv4-sp-d16 -T"C:\Users\USER\workspace\7segg\LinkerScript.ld" -Wl,-Map=output.map -Wl,--gc-sections -lm -o "7segg.elf" @"objects.list"  
'Finished building target: 7segg.elf'
' '
make --no-print-directory post-build
'Generating binary and Printing size information:'
arm-none-eabi-objcopy -O binary "7segg.elf" "7segg.bin"
arm-none-eabi-size "7segg.elf"
   text	   data	    bss	    dec	    hex	filename
   1568	   1080	   1056	   3704	    e78	7segg.elf
' '

17:06:43 Build Finished (took 617ms)

